Could not file a FodyWeavers.xml at the project level (C:\Users\simon\AppData\Local\JetBrains\Installations\ReSharperPlatformVs14\FodyWeavers.xml). Some project types do not support using NuGet to add content files e.g. netstandard projects. In these cases it is necessary to manually add a FodyWeavers.xml to the project. Example content: 
<?xml version="1.0" encoding="utf-8" ?>
<Weavers>
  <WeaverName/>
</Weavers>
